[INFO] Scanning for projects...
[INFO] 
[INFO] -------------< com.monitoring:system-monitoring-dashboard >-------------
[INFO] Building system-monitoring-dashboard 0.0.1-SNAPSHOT
[INFO]   from pom.xml
[INFO] --------------------------------[ jar ]---------------------------------
[INFO] 
[INFO] >>> spring-boot:3.5.11:run (default-cli) > test-compile @ system-monitoring-dashboard >>>
[INFO] 
[INFO] --- resources:3.3.1:resources (default-resources) @ system-monitoring-dashboard ---
[INFO] Copying 1 resource from src/main/resources to target/classes
[INFO] Copying 0 resource from src/main/resources to target/classes
[INFO] 
[INFO] --- compiler:3.14.1:compile (default-compile) @ system-monitoring-dashboard ---
[INFO] Nothing to compile - all classes are up to date.
[INFO] 
[INFO] --- resources:3.3.1:testResources (default-testResources) @ system-monitoring-dashboard ---
[INFO] skip non existing resourceDirectory /home/lucas/github/system-monitoring-dashboard/src/test/resources
[INFO] 
[INFO] --- compiler:3.14.1:testCompile (default-testCompile) @ system-monitoring-dashboard ---
[INFO] Nothing to compile - all classes are up to date.
[INFO] 
[INFO] <<< spring-boot:3.5.11:run (default-cli) < test-compile @ system-monitoring-dashboard <<<
[INFO] 
[INFO] 
[INFO] --- spring-boot:3.5.11:run (default-cli) @ system-monitoring-dashboard ---
[INFO] Attaching agents: []

  .   ____          _            __ _ _
 /\\ / ___'_ __ _ _(_)_ __  __ _ \ \ \ \
( ( )\___ | '_ | '_| | '_ \/ _` | \ \ \ \
 \\/  ___)| |_)| | | | | || (_| |  ) ) ) )
  '  |____| .__|_| |_|_| |_\__, | / / / /
 =========|_|==============|___/=/_/_/_/

 :: Spring Boot ::               (v3.5.11)

2026-04-07T12:09:08.544+02:00  INFO 267786 --- [system-monitoring-dashboard] [           main] m.s.SystemMonitoringDashboardApplication : Starting SystemMonitoringDashboardApplication using Java 21.0.10 with PID 267786 (/home/lucas/github/system-monitoring-dashboard/target/classes started by lucas in /home/lucas/github/system-monitoring-dashboard)
2026-04-07T12:09:08.546+02:00  INFO 267786 --- [system-monitoring-dashboard] [           main] m.s.SystemMonitoringDashboardApplication : No active profile set, falling back to 1 default profile: "default"
2026-04-07T12:09:09.105+02:00  INFO 267786 --- [system-monitoring-dashboard] [           main] o.s.b.w.embedded.tomcat.TomcatWebServer  : Tomcat initialized with port 8080 (http)
2026-04-07T12:09:09.114+02:00  INFO 267786 --- [system-monitoring-dashboard] [           main] o.apache.catalina.core.StandardService   : Starting service [Tomcat]
2026-04-07T12:09:09.114+02:00  INFO 267786 --- [system-monitoring-dashboard] [           main] o.apache.catalina.core.StandardEngine    : Starting Servlet engine: [Apache Tomcat/10.1.52]
2026-04-07T12:09:09.150+02:00  INFO 267786 --- [system-monitoring-dashboard] [           main] o.a.c.c.C.[Tomcat].[localhost].[/]       : Initializing Spring embedded WebApplicationContext
2026-04-07T12:09:09.151+02:00  INFO 267786 --- [system-monitoring-dashboard] [           main] w.s.c.ServletWebServerApplicationContext : Root WebApplicationContext: initialization completed in 577 ms
2026-04-07T12:09:09.454+02:00  INFO 267786 --- [system-monitoring-dashboard] [           main] o.s.m.s.b.SimpleBrokerMessageHandler     : Starting...
2026-04-07T12:09:09.455+02:00  INFO 267786 --- [system-monitoring-dashboard] [           main] o.s.m.s.b.SimpleBrokerMessageHandler     : BrokerAvailabilityEvent[available=true, SimpleBrokerMessageHandler [org.springframework.messaging.simp.broker.DefaultSubscriptionRegistry@798256c5]]
2026-04-07T12:09:09.456+02:00  INFO 267786 --- [system-monitoring-dashboard] [           main] o.s.m.s.b.SimpleBrokerMessageHandler     : Started.
2026-04-07T12:09:09.468+02:00  INFO 267786 --- [system-monitoring-dashboard] [           main] o.s.b.w.embedded.tomcat.TomcatWebServer  : Tomcat started on port 8080 (http) with context path '/'
2026-04-07T12:09:09.473+02:00  INFO 267786 --- [system-monitoring-dashboard] [           main] m.s.SystemMonitoringDashboardApplication : Started SystemMonitoringDashboardApplication in 1.203 seconds (process running for 1.383)
2026-04-07T12:09:13.553+02:00  INFO 267786 --- [system-monitoring-dashboard] [nio-8080-exec-1] o.a.c.c.C.[Tomcat].[localhost].[/]       : Initializing Spring DispatcherServlet 'dispatcherServlet'
2026-04-07T12:09:13.554+02:00  INFO 267786 --- [system-monitoring-dashboard] [nio-8080-exec-1] o.s.web.servlet.DispatcherServlet        : Initializing Servlet 'dispatcherServlet'
2026-04-07T12:09:13.554+02:00  INFO 267786 --- [system-monitoring-dashboard] [nio-8080-exec-1] o.s.web.servlet.DispatcherServlet        : Completed initialization in 0 ms
2026-04-07T12:10:04.816+02:00  INFO 267786 --- [system-monitoring-dashboard] [essageBroker-13] o.s.w.s.c.WebSocketMessageBrokerStats    : WebSocketSession[0 current WS(0)-HttpStream(0)-HttpPoll(0), 0 total, 0 closed abnormally (0 connect failure, 0 send limit, 0 transport error)], stompSubProtocol[processed CONNECT(0)-CONNECTED(0)-DISCONNECT(0)], stompBrokerRelay[null], inboundChannel[pool size = 0, active threads = 0, queued tasks = 0, completed tasks = 0], outboundChannel[pool size = 0, active threads = 0, queued tasks = 0, completed tasks = 0], sockJsScheduler[pool size = 20, active threads = 1, queued tasks = 1, completed tasks = 60]
